###############################################################################
#
# IAR ELF Linker V7.80.2.11947/W32 for ARM                27/Aug/2021  13:26:33
# Copyright 2007-2016 IAR Systems AB.
#
#    Output file  =  
#        C:\Users\WELLIS\Desktop\프로젝트
#        소스관리\CLENUVO\ST\(20210727)AirPurifier\AirPurifier\EWARM\AirPurifier\Exe\AirPurifier.out
#    Map file     =  
#        C:\Users\WELLIS\Desktop\프로젝트
#        소스관리\CLENUVO\ST\(20210727)AirPurifier\AirPurifier\EWARM\AirPurifier\List\AirPurifier.map
#    Command line =  
#        "C:\Users\WELLIS\Desktop\프로젝트
#        소스관리\CLENUVO\ST\(20210727)AirPurifier\AirPurifier\EWARM\AirPurifier\Obj\adc.o"
#        "C:\Users\WELLIS\Desktop\프로젝트
#        소스관리\CLENUVO\ST\(20210727)AirPurifier\AirPurifier\EWARM\AirPurifier\Obj\buzzer.o"
#        "C:\Users\WELLIS\Desktop\프로젝트
#        소스관리\CLENUVO\ST\(20210727)AirPurifier\AirPurifier\EWARM\AirPurifier\Obj\i2c.o"
#        "C:\Users\WELLIS\Desktop\프로젝트
#        소스관리\CLENUVO\ST\(20210727)AirPurifier\AirPurifier\EWARM\AirPurifier\Obj\key.o"
#        "C:\Users\WELLIS\Desktop\프로젝트
#        소스관리\CLENUVO\ST\(20210727)AirPurifier\AirPurifier\EWARM\AirPurifier\Obj\main.o"
#        "C:\Users\WELLIS\Desktop\프로젝트
#        소스관리\CLENUVO\ST\(20210727)AirPurifier\AirPurifier\EWARM\AirPurifier\Obj\startup_stm32f070xb.o"
#        "C:\Users\WELLIS\Desktop\프로젝트
#        소스관리\CLENUVO\ST\(20210727)AirPurifier\AirPurifier\EWARM\AirPurifier\Obj\stm32f0xx_hal.o"
#        "C:\Users\WELLIS\Desktop\프로젝트
#        소스관리\CLENUVO\ST\(20210727)AirPurifier\AirPurifier\EWARM\AirPurifier\Obj\stm32f0xx_hal_adc.o"
#        "C:\Users\WELLIS\Desktop\프로젝트
#        소스관리\CLENUVO\ST\(20210727)AirPurifier\AirPurifier\EWARM\AirPurifier\Obj\stm32f0xx_hal_adc_ex.o"
#        "C:\Users\WELLIS\Desktop\프로젝트
#        소스관리\CLENUVO\ST\(20210727)AirPurifier\AirPurifier\EWARM\AirPurifier\Obj\stm32f0xx_hal_cortex.o"
#        "C:\Users\WELLIS\Desktop\프로젝트
#        소스관리\CLENUVO\ST\(20210727)AirPurifier\AirPurifier\EWARM\AirPurifier\Obj\stm32f0xx_hal_dma.o"
#        "C:\Users\WELLIS\Desktop\프로젝트
#        소스관리\CLENUVO\ST\(20210727)AirPurifier\AirPurifier\EWARM\AirPurifier\Obj\stm32f0xx_hal_exti.o"
#        "C:\Users\WELLIS\Desktop\프로젝트
#        소스관리\CLENUVO\ST\(20210727)AirPurifier\AirPurifier\EWARM\AirPurifier\Obj\stm32f0xx_hal_flash.o"
#        "C:\Users\WELLIS\Desktop\프로젝트
#        소스관리\CLENUVO\ST\(20210727)AirPurifier\AirPurifier\EWARM\AirPurifier\Obj\stm32f0xx_hal_flash_ex.o"
#        "C:\Users\WELLIS\Desktop\프로젝트
#        소스관리\CLENUVO\ST\(20210727)AirPurifier\AirPurifier\EWARM\AirPurifier\Obj\stm32f0xx_hal_gpio.o"
#        "C:\Users\WELLIS\Desktop\프로젝트
#        소스관리\CLENUVO\ST\(20210727)AirPurifier\AirPurifier\EWARM\AirPurifier\Obj\stm32f0xx_hal_i2c.o"
#        "C:\Users\WELLIS\Desktop\프로젝트
#        소스관리\CLENUVO\ST\(20210727)AirPurifier\AirPurifier\EWARM\AirPurifier\Obj\stm32f0xx_hal_i2c_ex.o"
#        "C:\Users\WELLIS\Desktop\프로젝트
#        소스관리\CLENUVO\ST\(20210727)AirPurifier\AirPurifier\EWARM\AirPurifier\Obj\stm32f0xx_hal_msp.o"
#        "C:\Users\WELLIS\Desktop\프로젝트
#        소스관리\CLENUVO\ST\(20210727)AirPurifier\AirPurifier\EWARM\AirPurifier\Obj\stm32f0xx_hal_pwr.o"
#        "C:\Users\WELLIS\Desktop\프로젝트
#        소스관리\CLENUVO\ST\(20210727)AirPurifier\AirPurifier\EWARM\AirPurifier\Obj\stm32f0xx_hal_pwr_ex.o"
#        "C:\Users\WELLIS\Desktop\프로젝트
#        소스관리\CLENUVO\ST\(20210727)AirPurifier\AirPurifier\EWARM\AirPurifier\Obj\stm32f0xx_hal_rcc.o"
#        "C:\Users\WELLIS\Desktop\프로젝트
#        소스관리\CLENUVO\ST\(20210727)AirPurifier\AirPurifier\EWARM\AirPurifier\Obj\stm32f0xx_hal_rcc_ex.o"
#        "C:\Users\WELLIS\Desktop\프로젝트
#        소스관리\CLENUVO\ST\(20210727)AirPurifier\AirPurifier\EWARM\AirPurifier\Obj\stm32f0xx_hal_tim.o"
#        "C:\Users\WELLIS\Desktop\프로젝트
#        소스관리\CLENUVO\ST\(20210727)AirPurifier\AirPurifier\EWARM\AirPurifier\Obj\stm32f0xx_hal_tim_ex.o"
#        "C:\Users\WELLIS\Desktop\프로젝트
#        소스관리\CLENUVO\ST\(20210727)AirPurifier\AirPurifier\EWARM\AirPurifier\Obj\stm32f0xx_hal_uart.o"
#        "C:\Users\WELLIS\Desktop\프로젝트
#        소스관리\CLENUVO\ST\(20210727)AirPurifier\AirPurifier\EWARM\AirPurifier\Obj\stm32f0xx_hal_uart_ex.o"
#        "C:\Users\WELLIS\Desktop\프로젝트
#        소스관리\CLENUVO\ST\(20210727)AirPurifier\AirPurifier\EWARM\AirPurifier\Obj\stm32f0xx_it.o"
#        "C:\Users\WELLIS\Desktop\프로젝트
#        소스관리\CLENUVO\ST\(20210727)AirPurifier\AirPurifier\EWARM\AirPurifier\Obj\system_stm32f0xx.o"
#        --redirect _Printf=_PrintfFull --redirect _Scanf=_ScanfFull -o
#        "C:\Users\WELLIS\Desktop\프로젝트
#        소스관리\CLENUVO\ST\(20210727)AirPurifier\AirPurifier\EWARM\AirPurifier\Exe\AirPurifier.out"
#        --map "C:\Users\WELLIS\Desktop\프로젝트
#        소스관리\CLENUVO\ST\(20210727)AirPurifier\AirPurifier\EWARM\AirPurifier\List\AirPurifier.map"
#        --config "C:\Users\WELLIS\Desktop\프로젝트
#        소스관리\CLENUVO\ST\(20210727)AirPurifier\AirPurifier\EWARM/stm32f070xb_flash.icf"
#        --semihosting --entry __iar_program_start --vfe
#
###############################################################################

*******************************************************************************
*** RUNTIME MODEL ATTRIBUTES
***

CppFlavor       = *
__SystemLibrary = DLib


*******************************************************************************
*** PLACEMENT SUMMARY
***

"A0":  place at 0x08000000 { ro section .intvec };
"P1":  place in [from 0x08000000 to 0x0801ffff] { ro };
"P2":  place in [from 0x20000000 to 0x20003fff] { rw, block CSTACK, block HEAP };
initialize by copy { rw };

  Section            Kind        Address    Size  Object
  -------            ----        -------    ----  ------
"A0":                                       0xc0
  .intvec            ro code  0x08000000    0xc0  startup_stm32f070xb.o [1]
                            - 0x080000c0    0xc0

"P1":                                     0x6882
  .text              ro code  0x080000c0  0x1cfa  main.o [1]
  .text              ro code  0x08001dba     0xa  xsprout.o [3]
  .text              ro code  0x08001dc4   0x228  stm32f0xx_hal_gpio.o [1]
  .text              ro code  0x08001fec   0x340  stm32f0xx_hal_tim.o [1]
  .text              ro code  0x0800232c   0x280  i2c.o [1]
  .text              ro code  0x080025ac    0xe0  I32DivModFast.o [5]
  .text              ro code  0x0800268c    0x38  sprintf.o [3]
  .text              ro code  0x080026c4    0x10  strlen.o [5]
  .text              ro code  0x080026d4   0x892  stm32f0xx_hal_uart.o [1]
  .text              ro code  0x08002f66     0x2  startup_stm32f070xb.o [1]
  .text              ro code  0x08002f68    0x34  I32ToDbl.o [4]
  .text              ro code  0x08002f9c   0x184  DblMul.o [4]
  .text              ro code  0x08003120    0xc2  DblDiv.o [4]
  .text              ro code  0x080031e2    0x62  DblToFlt.o [4]
  .text              ro code  0x08003244    0xb0  FltMul.o [4]
  .text              ro code  0x080032f4    0xaa  FltDiv.o [4]
  .text              ro code  0x0800339e   0x116  FltAddSub.o [4]
  .text              ro code  0x080034b4    0x32  FltToDbl.o [4]
  .text              ro code  0x080034e6   0x1b4  DblAddSub.o [4]
  .text              ro code  0x0800369a     0x2  startup_stm32f070xb.o [1]
  .text              ro code  0x0800369c    0x52  DblToI32.o [4]
  .text              ro code  0x080036ee     0x2  startup_stm32f070xb.o [1]
  .text              ro code  0x080036f0    0x32  I32ToFlt.o [4]
  .text              ro code  0x08003722     0x2  startup_stm32f070xb.o [1]
  .text              ro code  0x08003724   0x194  stm32f0xx_hal_flash.o [1]
  .text              ro code  0x080038b8    0x30  stm32f0xx_hal_flash_ex.o [1]
  .text              ro code  0x080038e8    0x20  stm32f0xx_hal.o [1]
  .text              ro code  0x08003908   0x71c  stm32f0xx_hal_rcc.o [1]
  .text              ro code  0x08004024   0x108  stm32f0xx_hal_cortex.o [1]
  .text              ro code  0x0800412c   0x53c  stm32f0xx_hal_adc.o [1]
  .text              ro code  0x08004668   0x3bc  adc.o [1]
  .text              ro code  0x08004a24   0x244  key.o [1]
  .text              ro code  0x08004c68    0x34  ABImemset.o [5]
  .text              ro code  0x08004c9c   0x154  stm32f0xx_hal_rcc_ex.o [1]
  .text              ro code  0x08004df0   0x308  stm32f0xx_hal_msp.o [1]
  .text              ro code  0x080050f8     0x2  stm32f0xx_hal_tim.o [1]
  .text              ro code  0x080050fa     0x2  stm32f0xx_hal_tim.o [1]
  .text              ro code  0x080050fc     0x2  stm32f0xx_hal_tim.o [1]
  .text              ro code  0x080050fe     0x2  stm32f0xx_hal_tim_ex.o [1]
  .text              ro code  0x08005100     0x2  stm32f0xx_hal_tim.o [1]
  .text              ro code  0x08005102     0x2  stm32f0xx_hal_tim_ex.o [1]
  .text              ro code  0x08005104     0x2  IntDivZer.o [5]
  .text              ro code  0x08005106     0x2  startup_stm32f070xb.o [1]
  .text              ro code  0x08005108   0xeb6  xprintffull.o [3]
  .text              ro code  0x08005fbe     0x2  startup_stm32f070xb.o [1]
  .text              ro code  0x08005fc0   0x298  stm32f0xx_hal_dma.o [1]
  .text              ro code  0x08006258     0x2  stm32f0xx_hal_uart.o [1]
  .text              ro code  0x0800625a     0x2  stm32f0xx_hal_uart.o [1]
  .text              ro code  0x0800625c     0xc  stm32f0xx_hal.o [1]
  .text              ro code  0x08006268     0x2  stm32f0xx_hal_uart.o [1]
  .text              ro code  0x0800626a     0x2  stm32f0xx_hal_uart.o [1]
  .text              ro code  0x0800626c    0x1e  U64Shr.o [5]
  .text              ro code  0x0800628a     0x2  startup_stm32f070xb.o [1]
  .text              ro code  0x0800628c    0x50  stm32f0xx_hal.o [1]
  .text              ro code  0x080062dc    0x5c  ABImemcpy.o [5]
  .text              ro code  0x08006338     0x2  stm32f0xx_hal_adc.o [1]
  .text              ro code  0x0800633a     0x2  stm32f0xx_hal_adc.o [1]
  .text              ro code  0x0800633c     0x2  stm32f0xx_hal_adc.o [1]
  .text              ro code  0x0800633e     0x2  startup_stm32f070xb.o [1]
  .text              ro code  0x08006340    0x28  FltCmpGe.o [4]
  .text              ro code  0x08006368    0x26  FltCmpLe.o [4]
  .text              ro code  0x0800638e    0x14  strchr.o [5]
  .text              ro code  0x080063a2    0x18  memchr.o [5]
  .text              ro code  0x080063ba    0x6a  I64DivMod.o [5]
  .text              ro code  0x08006424    0x32  DblCmpLe.o [4]
  .text              ro code  0x08006456    0x32  DblCmpGe.o [4]
  .text              ro code  0x08006488    0x80  xdscale.o [4]
  .text              ro code  0x08006508    0x20  div.o [3]
  .text              ro code  0x08006528     0x2  I64DivZer.o [5]
  .text              ro code  0x0800652a     0x2  startup_stm32f070xb.o [1]
  .text              ro code  0x0800652c    0x78  stm32f0xx_it.o [1]
  .text              ro code  0x080065a4    0x18  stm32f0xx_hal.o [1]
  .rodata            const    0x080065bc    0x60  main.o [1]
  .rodata            const    0x0800661c    0x60  main.o [1]
  .rodata            const    0x0800667c    0x60  main.o [1]
  .rodata            const    0x080066dc    0x3c  main.o [1]
  .text              ro code  0x08006718    0x3c  zero_init3.o [5]
  .rodata            const    0x08006754    0x38  main.o [1]
  .text              ro code  0x0800678c    0x30  copy_init3.o [5]
  .rodata            const    0x080067bc    0x2c  main.o [1]
  .rodata            const    0x080067e8    0x2c  main.o [1]
  .text              ro code  0x08006814    0x28  data_init.o [5]
  .iar.init_table    const    0x0800683c    0x24  - Linker created -
  .text              ro code  0x08006860    0x1a  cmain.o [5]
  .text              ro code  0x0800687a     0x4  low_level_init.o [3]
  .text              ro code  0x0800687e     0x8  exit.o [3]
  .text              ro code  0x08006886     0x2  startup_stm32f070xb.o [1]
  .text              ro code  0x08006888     0xa  cexit.o [5]
  .text              ro code  0x08006892     0x2  startup_stm32f070xb.o [1]
  .text              ro code  0x08006894    0x14  exit.o [6]
  .rodata            const    0x080068a8    0x18  xprintffull.o [3]
  Initializer bytes  const    0x080068c0    0x14  <for P2-1>
  .text              ro code  0x080068d4     0x2  startup_stm32f070xb.o [1]
  .rodata            const    0x080068d8    0x10  stm32f0xx_hal_rcc.o [1]
  .rodata            const    0x080068e8    0x10  stm32f0xx_hal_rcc.o [1]
  .rodata            const    0x080068f8    0x10  system_stm32f0xx.o [1]
  .text              ro code  0x08006908    0x10  startup_stm32f070xb.o [1]
  .text              ro code  0x08006918     0xc  cstartup_M.o [5]
  .rodata            const    0x08006924     0x8  system_stm32f0xx.o [1]
  .text              ro code  0x0800692c     0x2  startup_stm32f070xb.o [1]
  .text              ro code  0x0800692e     0x2  startup_stm32f070xb.o [1]
  .text              ro code  0x08006930     0x2  startup_stm32f070xb.o [1]
  .text              ro code  0x08006932     0x2  startup_stm32f070xb.o [1]
  .text              ro code  0x08006934     0x2  startup_stm32f070xb.o [1]
  .text              ro code  0x08006936     0x2  startup_stm32f070xb.o [1]
  .text              ro code  0x08006938     0x2  startup_stm32f070xb.o [1]
  .text              ro code  0x0800693a     0x2  startup_stm32f070xb.o [1]
  .text              ro code  0x0800693c     0x2  startup_stm32f070xb.o [1]
  .text              ro code  0x08006940     0x2  system_stm32f0xx.o [1]
  .rodata            const    0x08006942     0x0  zero_init3.o [5]
  .rodata            const    0x08006942     0x0  copy_init3.o [5]
                            - 0x08006942  0x6882

"P2", part 1 of 3:                          0x14
  P2-1                        0x20000000    0x12  <Init block>
    .data            inited   0x20000000     0x4  stm32f0xx_hal.o [1]
    .data            inited   0x20000004     0x4  system_stm32f0xx.o [1]
    .data            inited   0x20000008     0x2  main.o [1]
    .data            inited   0x2000000a     0x2  main.o [1]
    .data            inited   0x2000000c     0x2  main.o [1]
    .data            inited   0x2000000e     0x1  adc.o [1]
    .data            inited   0x2000000f     0x1  main.o [1]
    .data            inited   0x20000010     0x1  main.o [1]
    .data            inited   0x20000011     0x1  stm32f0xx_hal.o [1]
                            - 0x20000012    0x12

"P2", part 2 of 3:                         0x400
  CSTACK                      0x20000018   0x400  <Block>
    CSTACK           uninit   0x20000018   0x400  <Block tail>
                            - 0x20000418   0x400

"P2", part 3 of 3:                         0x444
  .bss               zero     0x20000418    0xc8  main.o [1]
  .bss               zero     0x200004e0    0x84  main.o [1]
  .bss               zero     0x20000564    0x50  adc.o [1]
  .bss               zero     0x200005b4    0x48  main.o [1]
  .bss               zero     0x200005fc    0x48  main.o [1]
  .bss               zero     0x20000644    0x48  main.o [1]
  .bss               zero     0x2000068c    0x44  main.o [1]
  .bss               zero     0x200006d0    0x44  main.o [1]
  .bss               zero     0x20000714    0x44  main.o [1]
  .bss               zero     0x20000758    0x40  main.o [1]
  .bss               zero     0x20000798    0x20  stm32f0xx_hal_flash.o [1]
  .bss               zero     0x200007b8    0x14  main.o [1]
  .bss               zero     0x200007cc     0x8  key.o [1]
  .bss               zero     0x200007d4     0x8  main.o [1]
  .bss               zero     0x200007dc     0x4  main.o [1]
  .bss               zero     0x200007e0     0x4  main.o [1]
  .bss               zero     0x200007e4     0x4  main.o [1]
  .bss               zero     0x200007e8     0x4  main.o [1]
  .bss               zero     0x200007ec     0x4  main.o [1]
  .bss               zero     0x200007f0     0x4  main.o [1]
  .bss               zero     0x200007f4     0x4  main.o [1]
  .bss               zero     0x200007f8     0x4  main.o [1]
  .bss               zero     0x200007fc     0x4  main.o [1]
  .bss               zero     0x20000800     0x4  main.o [1]
  .bss               zero     0x20000804     0x4  main.o [1]
  .bss               zero     0x20000808     0x4  main.o [1]
  .bss               zero     0x2000080c     0x4  main.o [1]
  .bss               zero     0x20000810     0x4  main.o [1]
  .bss               zero     0x20000814     0x4  main.o [1]
  .bss               zero     0x20000818     0x4  main.o [1]
  .bss               zero     0x2000081c     0x4  main.o [1]
  .bss               zero     0x20000820     0x4  main.o [1]
  .bss               zero     0x20000824     0x4  main.o [1]
  .bss               zero     0x20000828     0x4  main.o [1]
  .bss               zero     0x2000082c     0x4  main.o [1]
  .bss               zero     0x20000830     0x4  main.o [1]
  .bss               zero     0x20000834     0x4  main.o [1]
  .bss               zero     0x20000838     0x4  main.o [1]
  .bss               zero     0x2000083c     0x4  main.o [1]
  .bss               zero     0x20000840     0x4  main.o [1]
  .bss               zero     0x20000844     0x4  stm32f0xx_hal.o [1]
  .bss               zero     0x20000848     0x2  adc.o [1]
  .bss               zero     0x2000084a     0x2  main.o [1]
  .bss               zero     0x2000084c     0x2  main.o [1]
  .bss               zero     0x2000084e     0x2  main.o [1]
  .bss               zero     0x20000850     0x2  main.o [1]
  .bss               zero     0x20000852     0x1  adc.o [1]
  .bss               zero     0x20000853     0x1  main.o [1]
  .bss               zero     0x20000854     0x1  main.o [1]
  .bss               zero     0x20000855     0x1  main.o [1]
  .bss               zero     0x20000856     0x1  main.o [1]
  .bss               zero     0x20000857     0x1  main.o [1]
  .bss               zero     0x20000858     0x1  main.o [1]
  .bss               zero     0x20000859     0x1  main.o [1]
  .bss               zero     0x2000085a     0x1  main.o [1]
  .bss               zero     0x2000085b     0x1  main.o [1]
                            - 0x2000085c   0x444


*******************************************************************************
*** INIT TABLE
***

          Address     Size
          -------     ----
Zero (__iar_zero_init3)
    1 destination range, total size 0x444:
          0x20000418  0x444

Copy (__iar_copy_init3)
    1 source range, total size 0x14 (111% of destination):
          0x080068c0   0x14
    1 destination range, total size 0x12:
          0x20000000   0x12



*******************************************************************************
*** MODULE SUMMARY
***

    Module                    ro code  ro data  rw data
    ------                    -------  -------  -------
C:\Users\WELLIS\Desktop\프로젝트 소스관리\CLENUVO\ST\(20210727)AirPurifier\AirPurifier\EWARM\AirPurifier\Obj: [1]
    adc.o                         956        1       84
    i2c.o                         640
    key.o                         580                 8
    main.o                      7 418      500      973
    startup_stm32f070xb.o         250
    stm32f0xx_hal.o               148        5        9
    stm32f0xx_hal_adc.o         1 346
    stm32f0xx_hal_cortex.o        264
    stm32f0xx_hal_dma.o           664
    stm32f0xx_hal_flash.o         404                32
    stm32f0xx_hal_flash_ex.o       48
    stm32f0xx_hal_gpio.o          552
    stm32f0xx_hal_msp.o           776
    stm32f0xx_hal_rcc.o         1 820       32
    stm32f0xx_hal_rcc_ex.o        340
    stm32f0xx_hal_tim.o           840
    stm32f0xx_hal_tim_ex.o          4
    stm32f0xx_hal_uart.o        2 202
    stm32f0xx_it.o                120
    system_stm32f0xx.o              2       28        4
    ---------------------------------------------------
    Total:                     19 374      566    1 110

command line: [2]
    ---------------------------------------------------
    Total:

dl6M_tln.a: [3]
    div.o                          32
    exit.o                          8
    low_level_init.o                4
    sprintf.o                      56
    xprintffull.o               3 766       24
    xsprout.o                      10
    ---------------------------------------------------
    Total:                      3 876       24

m6M_tl.a: [4]
    DblAddSub.o                   436
    DblCmpGe.o                     50
    DblCmpLe.o                     50
    DblDiv.o                      194
    DblMul.o                      388
    DblToFlt.o                     98
    DblToI32.o                     82
    FltAddSub.o                   278
    FltCmpGe.o                     40
    FltCmpLe.o                     38
    FltDiv.o                      170
    FltMul.o                      176
    FltToDbl.o                     50
    I32ToDbl.o                     52
    I32ToFlt.o                     50
    xdscale.o                     128
    ---------------------------------------------------
    Total:                      2 280

rt6M_tl.a: [5]
    ABImemcpy.o                    92
    ABImemset.o                    52
    I32DivModFast.o               224
    I64DivMod.o                   106
    I64DivZer.o                     2
    IntDivZer.o                     2
    U64Shr.o                       30
    cexit.o                        10
    cmain.o                        26
    copy_init3.o                   48
    cstartup_M.o                   12
    data_init.o                    40
    memchr.o                       24
    strchr.o                       20
    strlen.o                       16
    zero_init3.o                   60
    ---------------------------------------------------
    Total:                        764

shb_l.a: [6]
    exit.o                         20
    ---------------------------------------------------
    Total:                         20

    Gaps                            2        2
    Linker created                          38    1 024
-------------------------------------------------------
    Grand Total:               26 316      630    2 134


*******************************************************************************
*** ENTRY LIST
***

Entry                      Address   Size  Type      Object
-----                      -------   ----  ----      ------
.iar.init_table$$Base   0x0800683c          --   Gb  - Linker created -
.iar.init_table$$Limit  0x08006860          --   Gb  - Linker created -
?main                   0x08006861         Code  Gb  cmain.o [5]
ADC_DMAConvCplt         0x080045c5   0x76  Code  Lc  stm32f0xx_hal_adc.o [1]
ADC_DMAError            0x0800464f   0x1a  Code  Lc  stm32f0xx_hal_adc.o [1]
ADC_DMAHalfConvCplt     0x08004645    0xa  Code  Lc  stm32f0xx_hal_adc.o [1]
ADC_Enable              0x0800450d   0xa6  Code  Lc  stm32f0xx_hal_adc.o [1]
AHBPrescTable           0x080068f8   0x10  Data  Gb  system_stm32f0xx.o [1]
APBPrescTable           0x08006924    0x8  Data  Gb  system_stm32f0xx.o [1]
Adc                     0x20000564   0x50  Data  Gb  adc.o [1]
AveMax                  0x20000850    0x2  Data  Gb  main.o [1]
AveMin                  0x2000000a    0x2  Data  Gb  main.o [1]
AveTest                 0x2000000f    0x1  Data  Gb  main.o [1]
BuzMode                 0x20000857    0x1  Data  Gb  main.o [1]
CSTACK$$Base            0x20000018          --   Gb  - Linker created -
CSTACK$$Limit           0x20000418          --   Gb  - Linker created -
CartridgeLedOff         0x080000db   0x1a  Code  Gb  main.o [1]
ClrTime                 0x080000c1   0x1a  Code  Gb  main.o [1]
ClrWindowLed            0x080000f5   0x1e  Code  Gb  main.o [1]
Cov_Cnt                 0x2000084a    0x2  Data  Gb  main.o [1]
DMA1_Channel1_IRQHandler
                        0x08006547    0xa  Code  Gb  stm32f0xx_it.o [1]
DMA1_Channel4_5_IRQHandler
                        0x08006551   0x10  Code  Gb  stm32f0xx_it.o [1]
DMA_CalcBaseAndBitshift
                        0x08006237   0x1a  Code  Lc  stm32f0xx_hal_dma.o [1]
DMA_SetConfig           0x0800620d   0x2a  Code  Lc  stm32f0xx_hal_dma.o [1]
DoBuz                   0x08000395  0x1da  Code  Gb  main.o [1]
DoCartridge             0x08000113  0x25a  Code  Gb  main.o [1]
DoE2P                   0x08001179  0x2e0  Code  Gb  main.o [1]
DoErrorCheck            0x08001899   0xb8  Code  Gb  main.o [1]
DoFan                   0x08000629   0xda  Code  Gb  main.o [1]
DoFlashE2P              0x080017c9   0xbc  Code  Gb  main.o [1]
DoI2C                   0x08000579   0x96  Code  Gb  main.o [1]
DoI2CTest               0x08000871   0x3e  Code  Gb  main.o [1]
DoIonizer               0x08000703   0xba  Code  Gb  main.o [1]
DoKey                   0x08004c59   0x10  Code  Gb  key.o [1]
DoMode                  0x080007c9   0xa8  Code  Gb  main.o [1]
DoSensor                0x08004669  0x3bc  Code  Gb  adc.o [1]
DoUart                  0x08001491  0x2ec  Code  Gb  main.o [1]
DoWindowLed             0x080008e5  0x2e4  Code  Gb  main.o [1]
E2PReadCheck_Cnt        0x20000859    0x1  Data  Gb  main.o [1]
E2PTime                 0x20000820    0x4  Data  Gb  main.o [1]
E2PWriteCheck_Cnt       0x2000085a    0x1  Data  Gb  main.o [1]
ErCheck                 0x200007d4    0x8  Data  Gb  main.o [1]
Error_Handler           0x08001db5    0x6  Code  Gb  main.o [1]
FLASH_PageErase         0x080038b9   0x24  Code  Gb  stm32f0xx_hal_flash_ex.o [1]
FLASH_Program_HalfWord  0x080037ed   0x16  Code  Lc  stm32f0xx_hal_flash.o [1]
FLASH_SetErrorCode      0x08003865   0x3e  Code  Lc  stm32f0xx_hal_flash.o [1]
FLASH_WaitForLastOperation
                        0x08003809   0x56  Code  Gb  stm32f0xx_hal_flash.o [1]
Flag                    0x200007b8   0x14  Data  Gb  main.o [1]
HAL_ADC_ConfigChannel   0x080043a9  0x164  Code  Gb  stm32f0xx_hal_adc.o [1]
HAL_ADC_ConvCpltCallback
                        0x08006339    0x2  Code  Wk  stm32f0xx_hal_adc.o [1]
HAL_ADC_ConvHalfCpltCallback
                        0x0800633b    0x2  Code  Wk  stm32f0xx_hal_adc.o [1]
HAL_ADC_ErrorCallback   0x0800633d    0x2  Code  Wk  stm32f0xx_hal_adc.o [1]
HAL_ADC_Init            0x0800412d  0x1b8  Code  Gb  stm32f0xx_hal_adc.o [1]
HAL_ADC_MspInit         0x08004e3b   0xb2  Code  Gb  stm32f0xx_hal_msp.o [1]
HAL_ADC_Start_DMA       0x080042f1   0xa6  Code  Gb  stm32f0xx_hal_adc.o [1]
HAL_DMA_Abort           0x080060a5   0x4a  Code  Gb  stm32f0xx_hal_dma.o [1]
HAL_DMA_Abort_IT        0x080060ef   0x52  Code  Gb  stm32f0xx_hal_dma.o [1]
HAL_DMA_IRQHandler      0x08006141   0xcc  Code  Gb  stm32f0xx_hal_dma.o [1]
HAL_DMA_Init            0x08005fc1   0x5a  Code  Gb  stm32f0xx_hal_dma.o [1]
HAL_DMA_Start_IT        0x08006021   0x84  Code  Gb  stm32f0xx_hal_dma.o [1]
HAL_FLASH_Lock          0x080037d9   0x10  Code  Gb  stm32f0xx_hal_flash.o [1]
HAL_FLASH_Program       0x08003725   0x8e  Code  Gb  stm32f0xx_hal_flash.o [1]
HAL_FLASH_Unlock        0x080037b3   0x26  Code  Gb  stm32f0xx_hal_flash.o [1]
HAL_GPIO_Init           0x08001dc5  0x1c2  Code  Gb  stm32f0xx_hal_gpio.o [1]
HAL_GPIO_ReadPin        0x08001f9d   0x16  Code  Gb  stm32f0xx_hal_gpio.o [1]
HAL_GPIO_TogglePin      0x08001fc7   0x14  Code  Gb  stm32f0xx_hal_gpio.o [1]
HAL_GPIO_WritePin       0x08001fb3   0x14  Code  Gb  stm32f0xx_hal_gpio.o [1]
HAL_GetTick             0x0800625d    0xc  Code  Wk  stm32f0xx_hal.o [1]
HAL_IncTick             0x080065a5   0x18  Code  Wk  stm32f0xx_hal.o [1]
HAL_Init                0x080038e9   0x1c  Code  Gb  stm32f0xx_hal.o [1]
HAL_InitTick            0x0800628d   0x50  Code  Wk  stm32f0xx_hal.o [1]
HAL_MspInit             0x08004df1   0x4a  Code  Gb  stm32f0xx_hal_msp.o [1]
HAL_NVIC_EnableIRQ      0x080040f9    0xa  Code  Gb  stm32f0xx_hal_cortex.o [1]
HAL_NVIC_SetPriority    0x080040ef    0xa  Code  Gb  stm32f0xx_hal_cortex.o [1]
HAL_RCCEx_PeriphCLKConfig
                        0x08004c9d  0x134  Code  Gb  stm32f0xx_hal_rcc_ex.o [1]
HAL_RCC_ClockConfig     0x08003e1d  0x138  Code  Gb  stm32f0xx_hal_rcc.o [1]
HAL_RCC_GetHCLKFreq     0x08003fdb    0x6  Code  Gb  stm32f0xx_hal_rcc.o [1]
HAL_RCC_GetPCLK1Freq    0x08003fe5   0x18  Code  Gb  stm32f0xx_hal_rcc.o [1]
HAL_RCC_GetSysClockFreq
                        0x08003f65   0x76  Code  Gb  stm32f0xx_hal_rcc.o [1]
HAL_RCC_OscConfig       0x08003909  0x4fa  Code  Gb  stm32f0xx_hal_rcc.o [1]
HAL_SYSTICK_Callback    0x08000fbd  0x184  Code  Gb  main.o [1]
HAL_SYSTICK_Config      0x08004103    0x8  Code  Gb  stm32f0xx_hal_cortex.o [1]
HAL_SYSTICK_IRQHandler  0x08004125    0x8  Code  Gb  stm32f0xx_hal_cortex.o [1]
HAL_TIMEx_BreakCallback
                        0x080050ff    0x2  Code  Wk  stm32f0xx_hal_tim_ex.o [1]
HAL_TIMEx_CommutCallback
                        0x08005103    0x2  Code  Wk  stm32f0xx_hal_tim_ex.o [1]
HAL_TIM_Base_Init       0x08001fed   0x6e  Code  Gb  stm32f0xx_hal_tim.o [1]
HAL_TIM_Base_MspInit    0x08004eed   0x9c  Code  Gb  stm32f0xx_hal_msp.o [1]
HAL_TIM_Base_Start_IT   0x0800205b   0x62  Code  Gb  stm32f0xx_hal_tim.o [1]
HAL_TIM_Base_Stop_IT    0x080020bd   0x3c  Code  Gb  stm32f0xx_hal_tim.o [1]
HAL_TIM_IC_CaptureCallback
                        0x080050f9    0x2  Code  Wk  stm32f0xx_hal_tim.o [1]
HAL_TIM_IRQHandler      0x0800210d  0x182  Code  Gb  stm32f0xx_hal_tim.o [1]
HAL_TIM_OC_DelayElapsedCallback
                        0x080050fb    0x2  Code  Wk  stm32f0xx_hal_tim.o [1]
HAL_TIM_PWM_PulseFinishedCallback
                        0x080050fd    0x2  Code  Wk  stm32f0xx_hal_tim.o [1]
HAL_TIM_PeriodElapsedCallback
                        0x08000bed  0x374  Code  Gb  main.o [1]
HAL_TIM_TriggerCallback
                        0x08005101    0x2  Code  Wk  stm32f0xx_hal_tim.o [1]
HAL_UARTEx_RxEventCallback
                        0x0800625b    0x2  Code  Wk  stm32f0xx_hal_uart.o [1]
HAL_UART_ErrorCallback  0x08006259    0x2  Code  Wk  stm32f0xx_hal_uart.o [1]
HAL_UART_IRQHandler     0x08002821  0x25e  Code  Gb  stm32f0xx_hal_uart.o [1]
HAL_UART_Init           0x080026d5   0x7a  Code  Gb  stm32f0xx_hal_uart.o [1]
HAL_UART_MspInit        0x08004f95  0x12c  Code  Gb  stm32f0xx_hal_msp.o [1]
HAL_UART_Transmit_DMA   0x08002755   0xc0  Code  Gb  stm32f0xx_hal_uart.o [1]
HAL_UART_TxCpltCallback
                        0x08006269    0x2  Code  Wk  stm32f0xx_hal_uart.o [1]
HAL_UART_TxHalfCpltCallback
                        0x0800626b    0x2  Code  Wk  stm32f0xx_hal_uart.o [1]
HardFault_Handler       0x08006531    0x4  Code  Gb  stm32f0xx_it.o [1]
I2C_Mem_Read            0x0800255f   0x4e  Code  Gb  i2c.o [1]
I2C_Mem_Write           0x08002521   0x3e  Code  Gb  i2c.o [1]
Key                     0x200007cc    0x8  Data  Gb  key.o [1]
KeyAction               0x08004b31   0xec  Code  Gb  key.o [1]
KeyCheck                0x08004a4f   0xe2  Code  Gb  key.o [1]
KeyCheckAction          0x08004c1d   0x16  Code  Gb  key.o [1]
KeyRead                 0x08004a25   0x2a  Code  Gb  key.o [1]
Led_Cnt                 0x20000854    0x1  Data  Gb  main.o [1]
LoadInt                 0x080056d1   0x68  Code  Lc  xprintffull.o [3]
MX_ADC_Init             0x08001ac9   0x98  Code  Lc  main.o [1]
MX_DMA_Init             0x08001c61   0x3e  Code  Lc  main.o [1]
MX_GPIO_Init            0x08001ca9   0xd4  Code  Lc  main.o [1]
MX_TIM16_Init           0x08001bcd   0x3e  Code  Lc  main.o [1]
MX_TIM6_Init            0x08001b65   0x30  Code  Lc  main.o [1]
MX_TIM7_Init            0x08001b99   0x30  Code  Lc  main.o [1]
MX_USART1_UART_Init     0x08001c0b   0x50  Code  Lc  main.o [1]
Max                     0x2000084e    0x2  Data  Gb  main.o [1]
Min                     0x20000008    0x2  Data  Gb  main.o [1]
Mode                    0x20000856    0x1  Data  Gb  main.o [1]
NMI_Handler             0x0800652d    0x4  Code  Gb  stm32f0xx_it.o [1]
PendSV_Handler          0x08006537    0x2  Code  Gb  stm32f0xx_it.o [1]
Power                   0x20000853    0x1  Data  Gb  main.o [1]
PrevSensorLedStatus     0x2000000e    0x1  Data  Gb  adc.o [1]
PrevStage               0x20000852    0x1  Data  Gb  adc.o [1]
RCC_IRQHandler          0x08006545    0x2  Code  Gb  stm32f0xx_it.o [1]
Read_data               0x20000828    0x4  Data  Gb  main.o [1]
Read_data_1             0x2000082c    0x4  Data  Gb  main.o [1]
Read_data_2             0x20000830    0x4  Data  Gb  main.o [1]
Region$$Table$$Base     0x0800683c          --   Gb  - Linker created -
Region$$Table$$Limit    0x08006860          --   Gb  - Linker created -
SVC_Handler             0x08006535    0x2  Code  Gb  stm32f0xx_it.o [1]
SamplingNumber          0x20000010    0x1  Data  Gb  main.o [1]
SaveRead                0x20000838    0x4  Data  Gb  main.o [1]
SaveTime                0x20000834    0x4  Data  Gb  main.o [1]
SensorLedStatus         0x20000855    0x1  Data  Gb  main.o [1]
SysTick_Config          0x080040bf   0x30  Code  Lc  stm32f0xx_hal_cortex.o [1]
SysTick_Handler         0x08006539    0xc  Code  Gb  stm32f0xx_it.o [1]
SystemClock_Config      0x08001a55   0x74  Code  Gb  main.o [1]
SystemCoreClock         0x20000004    0x4  Data  Gb  system_stm32f0xx.o [1]
SystemInit              0x08006941    0x2  Code  Gb  system_stm32f0xx.o [1]
TIM16_IRQHandler        0x08006575    0xa  Code  Gb  stm32f0xx_it.o [1]
TIM6_IRQHandler         0x08006561    0xa  Code  Gb  stm32f0xx_it.o [1]
TIM7_IRQHandler         0x0800656b    0xa  Code  Gb  stm32f0xx_it.o [1]
TIM_Base_SetConfig      0x0800228f   0x80  Code  Gb  stm32f0xx_hal_tim.o [1]
TestData                0x20000824    0x4  Data  Gb  main.o [1]
Test_Time               0x2000084c    0x2  Data  Gb  main.o [1]
Time                    0x2000081c    0x4  Data  Gb  main.o [1]
TimeWindowLed           0x200007f0    0x4  Data  Gb  main.o [1]
Time_90D                0x20000808    0x4  Data  Gb  main.o [1]
Time_Buz                0x200007e8    0x4  Data  Gb  main.o [1]
Time_CheckWrite         0x20000810    0x4  Data  Gb  main.o [1]
Time_Er_LED             0x2000080c    0x4  Data  Gb  main.o [1]
Time_Fan                0x200007f4    0x4  Data  Gb  main.o [1]
Time_FanLed             0x200007f8    0x4  Data  Gb  main.o [1]
Time_FanPWM             0x200007fc    0x4  Data  Gb  main.o [1]
Time_I2C                0x200007ec    0x4  Data  Gb  main.o [1]
Time_Ionizer            0x20000804    0x4  Data  Gb  main.o [1]
Time_Key                0x200007e4    0x4  Data  Gb  main.o [1]
Time_Key_Delay          0x200007e0    0x4  Data  Gb  main.o [1]
Time_Pulse              0x20000848    0x2  Data  Gb  adc.o [1]
Time_Read               0x20000800    0x4  Data  Gb  main.o [1]
Time_Status             0x20000818    0x4  Data  Gb  main.o [1]
Time_Uart               0x20000814    0x4  Data  Gb  main.o [1]
UART_AdvFeatureConfig   0x08002c0d   0xde  Code  Gb  stm32f0xx_hal_uart.o [1]
UART_CheckIdleState     0x08002cf5   0x6a  Code  Gb  stm32f0xx_hal_uart.o [1]
UART_DMAAbortOnError    0x08002f35   0x16  Code  Lc  stm32f0xx_hal_uart.o [1]
UART_DMAError           0x08002ee9   0x4c  Code  Lc  stm32f0xx_hal_uart.o [1]
UART_DMATransmitCplt    0x08002ea5   0x32  Code  Lc  stm32f0xx_hal_uart.o [1]
UART_DMATxHalfCplt      0x08002ed7    0xa  Code  Lc  stm32f0xx_hal_uart.o [1]
UART_EndRxTransfer      0x08002e5f   0x3a  Code  Lc  stm32f0xx_hal_uart.o [1]
UART_EndTransmit_IT     0x08002f4b   0x1c  Code  Lc  stm32f0xx_hal_uart.o [1]
UART_EndTxTransfer      0x08002e4d   0x12  Code  Lc  stm32f0xx_hal_uart.o [1]
UART_SetConfig          0x08002a95  0x176  Code  Gb  stm32f0xx_hal_uart.o [1]
UART_WaitOnFlagUntilTimeout
                        0x08002d79   0xae  Code  Gb  stm32f0xx_hal_uart.o [1]
USART1_IRQHandler       0x0800657f    0xa  Code  Gb  stm32f0xx_it.o [1]
WindowMode              0x20000858    0x1  Data  Gb  main.o [1]
_GenldFull              0x08005ce1  0x2aa  Code  Lc  xprintffull.o [3]
_LdtobFull              0x08005869  0x464  Code  Lc  xprintffull.o [3]
_LitobFull              0x08005739  0x12a  Code  Lc  xprintffull.o [3]
_PrintfFull             0x08005109  0x5c8  Code  Gb  xprintffull.o [3]
_PutcharsFull           0x08005f8b   0x30  Code  Lc  xprintffull.o [3]
_SProut                 0x08001dbb    0xa  Code  Gb  xsprout.o [3]
__ICFEDIT_region_RAM_end__ {Abs}
                        0x20003fff         Data  Gb  command line/config [2]
__ICFEDIT_region_RAM_start__ {Abs}
                        0x20000000         Data  Gb  command line/config [2]
__NVIC_EnableIRQ        0x08004025   0x16  Code  Lc  stm32f0xx_hal_cortex.o [1]
__NVIC_SetPriority      0x0800403b   0x84  Code  Lc  stm32f0xx_hal_cortex.o [1]
__aeabi_cdcmple         0x08006425         Code  Gb  DblCmpLe.o [4]
__aeabi_cdrcmple        0x08006457         Code  Gb  DblCmpGe.o [4]
__aeabi_cfcmple         0x08006369         Code  Gb  FltCmpLe.o [4]
__aeabi_cfrcmple        0x08006341         Code  Gb  FltCmpGe.o [4]
__aeabi_d2f             0x080031e3         Code  Gb  DblToFlt.o [4]
__aeabi_d2iz            0x0800369d         Code  Gb  DblToI32.o [4]
__aeabi_d2uiz           0x080036c1         Code  Gb  DblToI32.o [4]
__aeabi_dadd            0x080034e7         Code  Gb  DblAddSub.o [4]
__aeabi_ddiv            0x08003121         Code  Gb  DblDiv.o [4]
__aeabi_dmul            0x08002f9d         Code  Gb  DblMul.o [4]
__aeabi_dsub            0x080035ad         Code  Gb  DblAddSub.o [4]
__aeabi_f2d             0x080034b5         Code  Gb  FltToDbl.o [4]
__aeabi_fadd            0x0800339f         Code  Gb  FltAddSub.o [4]
__aeabi_fdiv            0x080032f5         Code  Gb  FltDiv.o [4]
__aeabi_fmul            0x08003245         Code  Gb  FltMul.o [4]
__aeabi_i2d             0x08002f69         Code  Gb  I32ToDbl.o [4]
__aeabi_i2f             0x080036f1         Code  Gb  I32ToFlt.o [4]
__aeabi_idiv            0x080025d9         Code  Gb  I32DivModFast.o [5]
__aeabi_idiv0           0x08005105         Code  Gb  IntDivZer.o [5]
__aeabi_idivmod         0x080025d9         Code  Gb  I32DivModFast.o [5]
__aeabi_ldiv0           0x08006529         Code  Gb  I64DivZer.o [5]
__aeabi_llsr            0x0800626d         Code  Gb  U64Shr.o [5]
__aeabi_memclr4         0x08004c99         Code  Gb  ABImemset.o [5]
__aeabi_memclr8         0x08004c99         Code  Gb  ABImemset.o [5]
__aeabi_memcpy          0x080062dd         Code  Gb  ABImemcpy.o [5]
__aeabi_memcpy4         0x08006305         Code  Wk  ABImemcpy.o [5]
__aeabi_ui2d            0x08002f7d         Code  Gb  I32ToDbl.o [4]
__aeabi_uidiv           0x080025df         Code  Gb  I32DivModFast.o [5]
__aeabi_uidivmod        0x080025df         Code  Gb  I32DivModFast.o [5]
__aeabi_uldivmod        0x080063bb         Code  Gb  I64DivMod.o [5]
__cmain                 0x08006861         Code  Gb  cmain.o [5]
__exit                  0x08006895   0x14  Code  Gb  exit.o [6]
__iar_Dscale            0x08006489   0x80  Code  Gb  xdscale.o [4]
__iar_Memchr            0x080063a3   0x18  Code  Gb  memchr.o [5]
__iar_Memset4_word      0x08004c69         Code  Gb  ABImemset.o [5]
__iar_Strchr            0x0800638f   0x14  Code  Gb  strchr.o [5]
__iar_copy_init3        0x0800678d   0x30  Code  Gb  copy_init3.o [5]
__iar_d2uiz             0x080036c5         Code  Gb  DblToI32.o [4]
__iar_data_init3        0x08006815   0x28  Code  Gb  data_init.o [5]
__iar_program_start     0x08006919         Code  Gb  cstartup_M.o [5]
__iar_ui2d              0x08002f81         Code  Gb  I32ToDbl.o [4]
__iar_ui2f              0x08003709         Code  Gb  I32ToFlt.o [4]
__iar_zero_init3        0x08006719   0x3c  Code  Gb  zero_init3.o [5]
__low_level_init        0x0800687b    0x4  Code  Gb  low_level_init.o [3]
__vector_table          0x08000000         Data  Gb  startup_stm32f070xb.o [1]
_call_main              0x0800686d         Code  Gb  cmain.o [5]
_exit                   0x08006889         Code  Gb  cexit.o [5]
_main                   0x08006877         Code  Gb  cmain.o [5]
aADCxConvertedData      0x200007dc    0x4  Data  Gb  main.o [1]
buffer                  0x20000418   0xc8  Data  Gb  main.o [1]
consPwm                 0x2000000c    0x2  Data  Gb  main.o [1]
div                     0x08006509   0x20  Code  Gb  div.o [3]
exit                    0x0800687f    0x8  Code  Gb  exit.o [3]
hadc                    0x20000758   0x40  Data  Gb  main.o [1]
hdma_adc                0x2000068c   0x44  Data  Gb  main.o [1]
hdma_usart1_rx          0x200006d0   0x44  Data  Gb  main.o [1]
hdma_usart1_tx          0x20000714   0x44  Data  Gb  main.o [1]
htim16                  0x20000644   0x48  Data  Gb  main.o [1]
htim6                   0x200005b4   0x48  Data  Gb  main.o [1]
htim7                   0x200005fc   0x48  Data  Gb  main.o [1]
huart1                  0x200004e0   0x84  Data  Gb  main.o [1]
i2c_start               0x0800232d   0x46  Code  Gb  i2c.o [1]
i2c_stop                0x08002375   0x38  Code  Gb  i2c.o [1]
main                    0x0800195d   0xe0  Code  Gb  main.o [1]
pFlash                  0x20000798   0x20  Data  Gb  stm32f0xx_hal_flash.o [1]
read_i2c_byte           0x08002459   0xba  Code  Gb  i2c.o [1]
sprintf                 0x0800268d   0x38  Code  Gb  sprintf.o [3]
strlen                  0x080026c5   0x10  Code  Gb  strlen.o [5]
tt1                     0x20000840    0x4  Data  Gb  main.o [1]
ttt                     0x2000083c    0x4  Data  Gb  main.o [1]
uwTick                  0x20000844    0x4  Data  Gb  stm32f0xx_hal.o [1]
uwTickFreq              0x20000011    0x1  Data  Gb  stm32f0xx_hal.o [1]
uwTickPrio              0x20000000    0x4  Data  Gb  stm32f0xx_hal.o [1]
write_i2c_byte          0x080023ad   0xaa  Code  Gb  i2c.o [1]
write_mode              0x2000085b    0x1  Data  Gb  main.o [1]


[1] = C:\Users\WELLIS\Desktop\프로젝트 소스관리\CLENUVO\ST\(20210727)AirPurifier\AirPurifier\EWARM\AirPurifier\Obj
[2] = command line
[3] = dl6M_tln.a
[4] = m6M_tl.a
[5] = rt6M_tl.a
[6] = shb_l.a

  26 316 bytes of readonly  code memory
     630 bytes of readonly  data memory
   2 134 bytes of readwrite data memory

Errors: none
Warnings: none
