###############################################################################
#
# IAR ELF Linker V7.80.2.11947/W32 for ARM                05/Jan/2022  17:28:34
# Copyright 2007-2016 IAR Systems AB.
#
#    Output file  =  
#        C:\Users\WELLIS\Desktop\Clenuvo_st\ClenuvoRecent\ST_Clenuvo_0827\(20210827)AirPurifier\AirPurifier\EWARM\AirPurifier\Exe\AirPurifier.out
#    Map file     =  
#        C:\Users\WELLIS\Desktop\Clenuvo_st\ClenuvoRecent\ST_Clenuvo_0827\(20210827)AirPurifier\AirPurifier\EWARM\AirPurifier\List\AirPurifier.map
#    Command line =  
#        "C:\Users\WELLIS\Desktop\Clenuvo_st\ClenuvoRecent\ST_Clenuvo_0827\(20210827)AirPurifier\AirPurifier\EWARM\AirPurifier\Obj\adc.o"
#        "C:\Users\WELLIS\Desktop\Clenuvo_st\ClenuvoRecent\ST_Clenuvo_0827\(20210827)AirPurifier\AirPurifier\EWARM\AirPurifier\Obj\buzzer.o"
#        "C:\Users\WELLIS\Desktop\Clenuvo_st\ClenuvoRecent\ST_Clenuvo_0827\(20210827)AirPurifier\AirPurifier\EWARM\AirPurifier\Obj\i2c.o"
#        "C:\Users\WELLIS\Desktop\Clenuvo_st\ClenuvoRecent\ST_Clenuvo_0827\(20210827)AirPurifier\AirPurifier\EWARM\AirPurifier\Obj\key.o"
#        "C:\Users\WELLIS\Desktop\Clenuvo_st\ClenuvoRecent\ST_Clenuvo_0827\(20210827)AirPurifier\AirPurifier\EWARM\AirPurifier\Obj\main.o"
#        "C:\Users\WELLIS\Desktop\Clenuvo_st\ClenuvoRecent\ST_Clenuvo_0827\(20210827)AirPurifier\AirPurifier\EWARM\AirPurifier\Obj\startup_stm32f070xb.o"
#        "C:\Users\WELLIS\Desktop\Clenuvo_st\ClenuvoRecent\ST_Clenuvo_0827\(20210827)AirPurifier\AirPurifier\EWARM\AirPurifier\Obj\stm32f0xx_hal.o"
#        "C:\Users\WELLIS\Desktop\Clenuvo_st\ClenuvoRecent\ST_Clenuvo_0827\(20210827)AirPurifier\AirPurifier\EWARM\AirPurifier\Obj\stm32f0xx_hal_adc.o"
#        "C:\Users\WELLIS\Desktop\Clenuvo_st\ClenuvoRecent\ST_Clenuvo_0827\(20210827)AirPurifier\AirPurifier\EWARM\AirPurifier\Obj\stm32f0xx_hal_adc_ex.o"
#        "C:\Users\WELLIS\Desktop\Clenuvo_st\ClenuvoRecent\ST_Clenuvo_0827\(20210827)AirPurifier\AirPurifier\EWARM\AirPurifier\Obj\stm32f0xx_hal_cortex.o"
#        "C:\Users\WELLIS\Desktop\Clenuvo_st\ClenuvoRecent\ST_Clenuvo_0827\(20210827)AirPurifier\AirPurifier\EWARM\AirPurifier\Obj\stm32f0xx_hal_dma.o"
#        "C:\Users\WELLIS\Desktop\Clenuvo_st\ClenuvoRecent\ST_Clenuvo_0827\(20210827)AirPurifier\AirPurifier\EWARM\AirPurifier\Obj\stm32f0xx_hal_exti.o"
#        "C:\Users\WELLIS\Desktop\Clenuvo_st\ClenuvoRecent\ST_Clenuvo_0827\(20210827)AirPurifier\AirPurifier\EWARM\AirPurifier\Obj\stm32f0xx_hal_flash.o"
#        "C:\Users\WELLIS\Desktop\Clenuvo_st\ClenuvoRecent\ST_Clenuvo_0827\(20210827)AirPurifier\AirPurifier\EWARM\AirPurifier\Obj\stm32f0xx_hal_flash_ex.o"
#        "C:\Users\WELLIS\Desktop\Clenuvo_st\ClenuvoRecent\ST_Clenuvo_0827\(20210827)AirPurifier\AirPurifier\EWARM\AirPurifier\Obj\stm32f0xx_hal_gpio.o"
#        "C:\Users\WELLIS\Desktop\Clenuvo_st\ClenuvoRecent\ST_Clenuvo_0827\(20210827)AirPurifier\AirPurifier\EWARM\AirPurifier\Obj\stm32f0xx_hal_i2c.o"
#        "C:\Users\WELLIS\Desktop\Clenuvo_st\ClenuvoRecent\ST_Clenuvo_0827\(20210827)AirPurifier\AirPurifier\EWARM\AirPurifier\Obj\stm32f0xx_hal_i2c_ex.o"
#        "C:\Users\WELLIS\Desktop\Clenuvo_st\ClenuvoRecent\ST_Clenuvo_0827\(20210827)AirPurifier\AirPurifier\EWARM\AirPurifier\Obj\stm32f0xx_hal_msp.o"
#        "C:\Users\WELLIS\Desktop\Clenuvo_st\ClenuvoRecent\ST_Clenuvo_0827\(20210827)AirPurifier\AirPurifier\EWARM\AirPurifier\Obj\stm32f0xx_hal_pwr.o"
#        "C:\Users\WELLIS\Desktop\Clenuvo_st\ClenuvoRecent\ST_Clenuvo_0827\(20210827)AirPurifier\AirPurifier\EWARM\AirPurifier\Obj\stm32f0xx_hal_pwr_ex.o"
#        "C:\Users\WELLIS\Desktop\Clenuvo_st\ClenuvoRecent\ST_Clenuvo_0827\(20210827)AirPurifier\AirPurifier\EWARM\AirPurifier\Obj\stm32f0xx_hal_rcc.o"
#        "C:\Users\WELLIS\Desktop\Clenuvo_st\ClenuvoRecent\ST_Clenuvo_0827\(20210827)AirPurifier\AirPurifier\EWARM\AirPurifier\Obj\stm32f0xx_hal_rcc_ex.o"
#        "C:\Users\WELLIS\Desktop\Clenuvo_st\ClenuvoRecent\ST_Clenuvo_0827\(20210827)AirPurifier\AirPurifier\EWARM\AirPurifier\Obj\stm32f0xx_hal_tim.o"
#        "C:\Users\WELLIS\Desktop\Clenuvo_st\ClenuvoRecent\ST_Clenuvo_0827\(20210827)AirPurifier\AirPurifier\EWARM\AirPurifier\Obj\stm32f0xx_hal_tim_ex.o"
#        "C:\Users\WELLIS\Desktop\Clenuvo_st\ClenuvoRecent\ST_Clenuvo_0827\(20210827)AirPurifier\AirPurifier\EWARM\AirPurifier\Obj\stm32f0xx_hal_uart.o"
#        "C:\Users\WELLIS\Desktop\Clenuvo_st\ClenuvoRecent\ST_Clenuvo_0827\(20210827)AirPurifier\AirPurifier\EWARM\AirPurifier\Obj\stm32f0xx_hal_uart_ex.o"
#        "C:\Users\WELLIS\Desktop\Clenuvo_st\ClenuvoRecent\ST_Clenuvo_0827\(20210827)AirPurifier\AirPurifier\EWARM\AirPurifier\Obj\stm32f0xx_it.o"
#        "C:\Users\WELLIS\Desktop\Clenuvo_st\ClenuvoRecent\ST_Clenuvo_0827\(20210827)AirPurifier\AirPurifier\EWARM\AirPurifier\Obj\system_stm32f0xx.o"
#        --redirect _Printf=_PrintfFull --redirect _Scanf=_ScanfFull -o
#        "C:\Users\WELLIS\Desktop\Clenuvo_st\ClenuvoRecent\ST_Clenuvo_0827\(20210827)AirPurifier\AirPurifier\EWARM\AirPurifier\Exe\AirPurifier.out"
#        --map
#        "C:\Users\WELLIS\Desktop\Clenuvo_st\ClenuvoRecent\ST_Clenuvo_0827\(20210827)AirPurifier\AirPurifier\EWARM\AirPurifier\List\AirPurifier.map"
#        --config
#        "C:\Users\WELLIS\Desktop\Clenuvo_st\ClenuvoRecent\ST_Clenuvo_0827\(20210827)AirPurifier\AirPurifier\EWARM/stm32f070xb_flash.icf"
#        --semihosting --entry __iar_program_start --vfe
#
###############################################################################

*******************************************************************************
*** RUNTIME MODEL ATTRIBUTES
***

CppFlavor       = *
__SystemLibrary = DLib


*******************************************************************************
*** PLACEMENT SUMMARY
***

"A0":  place at 0x08000000 { ro section .intvec };
"P1":  place in [from 0x08000000 to 0x0801ffff] { ro };
"P2":  place in [from 0x20000000 to 0x20003fff] { rw, block CSTACK, block HEAP };
initialize by copy { rw };

  Section            Kind        Address    Size  Object
  -------            ----        -------    ----  ------
"A0":                                       0xc0
  .intvec            ro code  0x08000000    0xc0  startup_stm32f070xb.o [1]
                            - 0x080000c0    0xc0

"P1":                                     0x54e2
  .text              ro code  0x080000c0  0x1b2e  main.o [1]
  .text              ro code  0x08001bee     0x2  startup_stm32f070xb.o [1]
  .text              ro code  0x08001bf0   0x228  stm32f0xx_hal_gpio.o [1]
  .text              ro code  0x08001e18   0x340  stm32f0xx_hal_tim.o [1]
  .text              ro code  0x08002158   0x280  i2c.o [1]
  .text              ro code  0x080023d8    0xae  I32DivModFast.o [5]
  .text              ro code  0x08002486     0x2  startup_stm32f070xb.o [1]
  .text              ro code  0x08002488   0x194  stm32f0xx_hal_flash.o [1]
  .text              ro code  0x0800261c    0x30  stm32f0xx_hal_flash_ex.o [1]
  .text              ro code  0x0800264c    0x20  stm32f0xx_hal.o [1]
  .text              ro code  0x0800266c   0x71c  stm32f0xx_hal_rcc.o [1]
  .text              ro code  0x08002d88   0x108  stm32f0xx_hal_cortex.o [1]
  .text              ro code  0x08002e90   0x53c  stm32f0xx_hal_adc.o [1]
  .text              ro code  0x080033cc   0x628  adc.o [1]
  .text              ro code  0x080039f4   0x244  key.o [1]
  .text              ro code  0x08003c38    0x34  ABImemset.o [5]
  .text              ro code  0x08003c6c   0x154  stm32f0xx_hal_rcc_ex.o [1]
  .text              ro code  0x08003dc0   0x72e  stm32f0xx_hal_uart.o [1]
  .text              ro code  0x080044ee     0x2  startup_stm32f070xb.o [1]
  .text              ro code  0x080044f0   0x308  stm32f0xx_hal_msp.o [1]
  .text              ro code  0x080047f8     0x2  stm32f0xx_hal_tim.o [1]
  .text              ro code  0x080047fa     0x2  stm32f0xx_hal_tim.o [1]
  .text              ro code  0x080047fc     0x2  stm32f0xx_hal_tim.o [1]
  .text              ro code  0x080047fe     0x2  stm32f0xx_hal_tim_ex.o [1]
  .text              ro code  0x08004800     0x2  stm32f0xx_hal_tim.o [1]
  .text              ro code  0x08004802     0x2  stm32f0xx_hal_tim_ex.o [1]
  .text              ro code  0x08004804     0x2  IntDivZer.o [5]
  .text              ro code  0x08004806     0x2  startup_stm32f070xb.o [1]
  .text              ro code  0x08004808    0x1e  U64Shr.o [5]
  .text              ro code  0x08004826     0x2  startup_stm32f070xb.o [1]
  .text              ro code  0x08004828     0xc  stm32f0xx_hal.o [1]
  .text              ro code  0x08004834    0x50  stm32f0xx_hal.o [1]
  .text              ro code  0x08004884    0x34  ABImemcpy.o [5]
  .text              ro code  0x080048b8   0x298  stm32f0xx_hal_dma.o [1]
  .text              ro code  0x08004b50     0x2  stm32f0xx_hal_adc.o [1]
  .text              ro code  0x08004b52     0x2  stm32f0xx_hal_adc.o [1]
  .text              ro code  0x08004b54     0x2  stm32f0xx_hal_adc.o [1]
  .text              ro code  0x08004b56     0x2  startup_stm32f070xb.o [1]
  .text              ro code  0x08004b58    0x34  I32ToDbl.o [4]
  .text              ro code  0x08004b8c   0x184  DblMul.o [4]
  .text              ro code  0x08004d10    0xc2  DblDiv.o [4]
  .text              ro code  0x08004dd2    0x62  DblToFlt.o [4]
  .text              ro code  0x08004e34    0xb0  FltMul.o [4]
  .text              ro code  0x08004ee4    0xaa  FltDiv.o [4]
  .text              ro code  0x08004f8e   0x116  FltAddSub.o [4]
  .text              ro code  0x080050a4    0x26  FltCmpLe.o [4]
  .text              ro code  0x080050ca     0x2  startup_stm32f070xb.o [1]
  .text              ro code  0x080050cc    0x3a  FltToS32.o [4]
  .text              ro code  0x08005106     0x2  startup_stm32f070xb.o [1]
  .text              ro code  0x08005108    0x32  FltToDbl.o [4]
  .text              ro code  0x0800513a   0x1a8  DblAddSub.o [4]
  .text              ro code  0x080052e2     0x2  startup_stm32f070xb.o [1]
  .text              ro code  0x080052e4    0x4e  DblToI32.o [4]
  .text              ro code  0x08005332     0x2  startup_stm32f070xb.o [1]
  .text              ro code  0x08005334    0x28  FltCmpGe.o [4]
  .text              ro code  0x0800535c    0x32  I32ToFlt.o [4]
  .text              ro code  0x0800538e     0x2  stm32f0xx_hal_uart.o [1]
  .text              ro code  0x08005390     0x2  stm32f0xx_hal_uart.o [1]
  .text              ro code  0x08005392     0x2  stm32f0xx_hal_uart.o [1]
  .text              ro code  0x08005394    0x78  stm32f0xx_it.o [1]
  .text              ro code  0x0800540c    0x18  stm32f0xx_hal.o [1]
  .text              ro code  0x08005424    0x3c  zero_init3.o [5]
  .text              ro code  0x08005460    0x30  copy_init3.o [5]
  .text              ro code  0x08005490    0x28  data_init.o [5]
  .iar.init_table    const    0x080054b8    0x24  - Linker created -
  .text              ro code  0x080054dc    0x1a  cmain.o [5]
  .text              ro code  0x080054f6     0x4  low_level_init.o [3]
  .text              ro code  0x080054fa     0x8  exit.o [3]
  .text              ro code  0x08005502     0x2  startup_stm32f070xb.o [1]
  .text              ro code  0x08005504     0xa  cexit.o [5]
  .text              ro code  0x0800550e     0x2  startup_stm32f070xb.o [1]
  .text              ro code  0x08005510    0x14  exit.o [6]
  Initializer bytes  const    0x08005524    0x14  <for P2-1>
  .text              ro code  0x08005538     0x2  startup_stm32f070xb.o [1]
  .rodata            const    0x0800553c    0x10  stm32f0xx_hal_rcc.o [1]
  .rodata            const    0x0800554c    0x10  stm32f0xx_hal_rcc.o [1]
  .rodata            const    0x0800555c    0x10  system_stm32f0xx.o [1]
  .text              ro code  0x0800556c    0x10  startup_stm32f070xb.o [1]
  .text              ro code  0x0800557c     0xc  cstartup_M.o [5]
  .rodata            const    0x08005588     0x8  system_stm32f0xx.o [1]
  .text              ro code  0x08005590     0x2  startup_stm32f070xb.o [1]
  .text              ro code  0x08005592     0x2  startup_stm32f070xb.o [1]
  .text              ro code  0x08005594     0x2  startup_stm32f070xb.o [1]
  .text              ro code  0x08005596     0x2  startup_stm32f070xb.o [1]
  .text              ro code  0x08005598     0x2  startup_stm32f070xb.o [1]
  .text              ro code  0x0800559a     0x2  startup_stm32f070xb.o [1]
  .text              ro code  0x0800559c     0x2  startup_stm32f070xb.o [1]
  .text              ro code  0x0800559e     0x2  startup_stm32f070xb.o [1]
  .text              ro code  0x080055a0     0x2  system_stm32f0xx.o [1]
  .rodata            const    0x080055a2     0x0  zero_init3.o [5]
  .rodata            const    0x080055a2     0x0  copy_init3.o [5]
                            - 0x080055a2  0x54e2

"P2", part 1 of 3:                          0x14
  P2-1                        0x20000000    0x12  <Init block>
    .data            inited   0x20000000     0x4  stm32f0xx_hal.o [1]
    .data            inited   0x20000004     0x4  system_stm32f0xx.o [1]
    .data            inited   0x20000008     0x2  main.o [1]
    .data            inited   0x2000000a     0x2  main.o [1]
    .data            inited   0x2000000c     0x2  main.o [1]
    .data            inited   0x2000000e     0x1  adc.o [1]
    .data            inited   0x2000000f     0x1  main.o [1]
    .data            inited   0x20000010     0x1  main.o [1]
    .data            inited   0x20000011     0x1  stm32f0xx_hal.o [1]
                            - 0x20000012    0x12

"P2", part 2 of 3:                         0x400
  CSTACK                      0x20000018   0x400  <Block>
    CSTACK           uninit   0x20000018   0x400  <Block tail>
                            - 0x20000418   0x400

"P2", part 3 of 3:                         0x384
  .bss               zero     0x20000418    0x84  main.o [1]
  .bss               zero     0x2000049c    0x50  adc.o [1]
  .bss               zero     0x200004ec    0x48  main.o [1]
  .bss               zero     0x20000534    0x48  main.o [1]
  .bss               zero     0x2000057c    0x48  main.o [1]
  .bss               zero     0x200005c4    0x44  main.o [1]
  .bss               zero     0x20000608    0x44  main.o [1]
  .bss               zero     0x2000064c    0x44  main.o [1]
  .bss               zero     0x20000690    0x40  main.o [1]
  .bss               zero     0x200006d0    0x20  stm32f0xx_hal_flash.o [1]
  .bss               zero     0x200006f0    0x14  main.o [1]
  .bss               zero     0x20000704     0x8  key.o [1]
  .bss               zero     0x2000070c     0x8  main.o [1]
  .bss               zero     0x20000714     0x4  main.o [1]
  .bss               zero     0x20000718     0x4  main.o [1]
  .bss               zero     0x2000071c     0x4  main.o [1]
  .bss               zero     0x20000720     0x4  main.o [1]
  .bss               zero     0x20000724     0x4  main.o [1]
  .bss               zero     0x20000728     0x4  main.o [1]
  .bss               zero     0x2000072c     0x4  main.o [1]
  .bss               zero     0x20000730     0x4  main.o [1]
  .bss               zero     0x20000734     0x4  main.o [1]
  .bss               zero     0x20000738     0x4  main.o [1]
  .bss               zero     0x2000073c     0x4  main.o [1]
  .bss               zero     0x20000740     0x4  main.o [1]
  .bss               zero     0x20000744     0x4  main.o [1]
  .bss               zero     0x20000748     0x4  main.o [1]
  .bss               zero     0x2000074c     0x4  main.o [1]
  .bss               zero     0x20000750     0x4  main.o [1]
  .bss               zero     0x20000754     0x4  main.o [1]
  .bss               zero     0x20000758     0x4  main.o [1]
  .bss               zero     0x2000075c     0x4  main.o [1]
  .bss               zero     0x20000760     0x4  main.o [1]
  .bss               zero     0x20000764     0x4  main.o [1]
  .bss               zero     0x20000768     0x4  main.o [1]
  .bss               zero     0x2000076c     0x4  main.o [1]
  .bss               zero     0x20000770     0x4  main.o [1]
  .bss               zero     0x20000774     0x4  main.o [1]
  .bss               zero     0x20000778     0x4  main.o [1]
  .bss               zero     0x2000077c     0x4  stm32f0xx_hal.o [1]
  .bss               zero     0x20000780     0x2  adc.o [1]
  .bss               zero     0x20000782     0x2  adc.o [1]
  .bss               zero     0x20000784     0x2  adc.o [1]
  .bss               zero     0x20000786     0x2  adc.o [1]
  .bss               zero     0x20000788     0x2  main.o [1]
  .bss               zero     0x2000078a     0x2  main.o [1]
  .bss               zero     0x2000078c     0x2  main.o [1]
  .bss               zero     0x2000078e     0x2  main.o [1]
  .bss               zero     0x20000790     0x1  adc.o [1]
  .bss               zero     0x20000791     0x1  main.o [1]
  .bss               zero     0x20000792     0x1  main.o [1]
  .bss               zero     0x20000793     0x1  main.o [1]
  .bss               zero     0x20000794     0x1  main.o [1]
  .bss               zero     0x20000795     0x1  main.o [1]
  .bss               zero     0x20000796     0x1  main.o [1]
  .bss               zero     0x20000797     0x1  main.o [1]
  .bss               zero     0x20000798     0x1  main.o [1]
  .bss               zero     0x20000799     0x1  main.o [1]
                            - 0x2000079a   0x382


*******************************************************************************
*** INIT TABLE
***

          Address     Size
          -------     ----
Zero (__iar_zero_init3)
    1 destination range, total size 0x382:
          0x20000418  0x382

Copy (__iar_copy_init3)
    1 source range, total size 0x14 (111% of destination):
          0x08005524   0x14
    1 destination range, total size 0x12:
          0x20000000   0x12



*******************************************************************************
*** MODULE SUMMARY
***

    Module                    ro code  ro data  rw data
    ------                    -------  -------  -------
C:\Users\WELLIS\Desktop\Clenuvo_st\ClenuvoRecent\ST_Clenuvo_0827\(20210827)AirPurifier\AirPurifier\EWARM\AirPurifier\Obj: [1]
    adc.o                       1 576        1       90
    i2c.o                         640
    key.o                         580                 8
    main.o                      6 958        8      773
    startup_stm32f070xb.o         250
    stm32f0xx_hal.o               148        5        9
    stm32f0xx_hal_adc.o         1 346
    stm32f0xx_hal_cortex.o        264
    stm32f0xx_hal_dma.o           664
    stm32f0xx_hal_flash.o         404                32
    stm32f0xx_hal_flash_ex.o       48
    stm32f0xx_hal_gpio.o          552
    stm32f0xx_hal_msp.o           776
    stm32f0xx_hal_rcc.o         1 820       32
    stm32f0xx_hal_rcc_ex.o        340
    stm32f0xx_hal_tim.o           840
    stm32f0xx_hal_tim_ex.o          4
    stm32f0xx_hal_uart.o        1 844
    stm32f0xx_it.o                120
    system_stm32f0xx.o              2       28        4
    ---------------------------------------------------
    Total:                     19 176       74      916

command line: [2]
    ---------------------------------------------------
    Total:

dl6M_tln.a: [3]
    exit.o                          8
    low_level_init.o                4
    ---------------------------------------------------
    Total:                         12

m6M_tl.a: [4]
    DblAddSub.o                   424
    DblDiv.o                      194
    DblMul.o                      388
    DblToFlt.o                     98
    DblToI32.o                     78
    FltAddSub.o                   278
    FltCmpGe.o                     40
    FltCmpLe.o                     38
    FltDiv.o                      170
    FltMul.o                      176
    FltToDbl.o                     50
    FltToS32.o                     58
    I32ToDbl.o                     52
    I32ToFlt.o                     50
    ---------------------------------------------------
    Total:                      2 094

rt6M_tl.a: [5]
    ABImemcpy.o                    52
    ABImemset.o                    52
    I32DivModFast.o               174
    IntDivZer.o                     2
    U64Shr.o                       30
    cexit.o                        10
    cmain.o                        26
    copy_init3.o                   48
    cstartup_M.o                   12
    data_init.o                    40
    zero_init3.o                   60
    ---------------------------------------------------
    Total:                        506

shb_l.a: [6]
    exit.o                         20
    ---------------------------------------------------
    Total:                         20

    Gaps                                     2
    Linker created                          38    1 024
-------------------------------------------------------
    Grand Total:               21 808      114    1 940


*******************************************************************************
*** ENTRY LIST
***

Entry                      Address   Size  Type      Object
-----                      -------   ----  ----      ------
.iar.init_table$$Base   0x080054b8          --   Gb  - Linker created -
.iar.init_table$$Limit  0x080054dc          --   Gb  - Linker created -
?main                   0x080054dd         Code  Gb  cmain.o [5]
ADC_DMAConvCplt         0x08003329   0x76  Code  Lc  stm32f0xx_hal_adc.o [1]
ADC_DMAError            0x080033b3   0x1a  Code  Lc  stm32f0xx_hal_adc.o [1]
ADC_DMAHalfConvCplt     0x080033a9    0xa  Code  Lc  stm32f0xx_hal_adc.o [1]
ADC_Enable              0x08003271   0xa6  Code  Lc  stm32f0xx_hal_adc.o [1]
AHBPrescTable           0x0800555c   0x10  Data  Gb  system_stm32f0xx.o [1]
APBPrescTable           0x08005588    0x8  Data  Gb  system_stm32f0xx.o [1]
Adc                     0x2000049c   0x50  Data  Gb  adc.o [1]
AveMax                  0x2000078e    0x2  Data  Gb  main.o [1]
AveMin                  0x2000000a    0x2  Data  Gb  main.o [1]
AveTest                 0x2000000f    0x1  Data  Gb  main.o [1]
BlueCnt                 0x20000784    0x2  Data  Gb  adc.o [1]
BuzMode                 0x20000795    0x1  Data  Gb  main.o [1]
CSTACK$$Base            0x20000018          --   Gb  - Linker created -
CSTACK$$Limit           0x20000418          --   Gb  - Linker created -
CartridgeLedOff         0x080000db   0x1a  Code  Gb  main.o [1]
ClrTime                 0x080000c1   0x1a  Code  Gb  main.o [1]
ClrWindowLed            0x080000f5   0x1e  Code  Gb  main.o [1]
Cov_Cnt                 0x20000788    0x2  Data  Gb  main.o [1]
DMA1_Channel1_IRQHandler
                        0x080053af    0xa  Code  Gb  stm32f0xx_it.o [1]
DMA1_Channel4_5_IRQHandler
                        0x080053b9   0x10  Code  Gb  stm32f0xx_it.o [1]
DMA_CalcBaseAndBitshift
                        0x08004b2f   0x1a  Code  Lc  stm32f0xx_hal_dma.o [1]
DMA_SetConfig           0x08004b05   0x2a  Code  Lc  stm32f0xx_hal_dma.o [1]
DoBuz                   0x08000521  0x1da  Code  Gb  main.o [1]
DoCartridge             0x08000121  0x3e0  Code  Gb  main.o [1]
DoE2P                   0x08001309  0x2e0  Code  Gb  main.o [1]
DoErrorCheck            0x080016dd   0xb8  Code  Gb  main.o [1]
DoFan                   0x080007b1   0xe0  Code  Gb  main.o [1]
DoFlashE2P              0x08001621   0xbc  Code  Gb  main.o [1]
DoI2C                   0x08000701   0x96  Code  Gb  main.o [1]
DoI2CTest               0x08000a01   0x3e  Code  Gb  main.o [1]
DoIonizer               0x08000891   0xba  Code  Gb  main.o [1]
DoKey                   0x08003c29   0x10  Code  Gb  key.o [1]
DoMode                  0x08000959   0xa8  Code  Gb  main.o [1]
DoSensor                0x080033cd  0x628  Code  Gb  adc.o [1]
DoWindowLed             0x08000a75  0x2e4  Code  Gb  main.o [1]
E2PReadCheck_Cnt        0x20000797    0x1  Data  Gb  main.o [1]
E2PTime                 0x20000758    0x4  Data  Gb  main.o [1]
E2PWriteCheck_Cnt       0x20000798    0x1  Data  Gb  main.o [1]
ErCheck                 0x2000070c    0x8  Data  Gb  main.o [1]
Error_Handler           0x08001be9    0x6  Code  Gb  main.o [1]
FLASH_PageErase         0x0800261d   0x24  Code  Gb  stm32f0xx_hal_flash_ex.o [1]
FLASH_Program_HalfWord  0x08002551   0x16  Code  Lc  stm32f0xx_hal_flash.o [1]
FLASH_SetErrorCode      0x080025c9   0x3e  Code  Lc  stm32f0xx_hal_flash.o [1]
FLASH_WaitForLastOperation
                        0x0800256d   0x56  Code  Gb  stm32f0xx_hal_flash.o [1]
Flag                    0x200006f0   0x14  Data  Gb  main.o [1]
HAL_ADC_ConfigChannel   0x0800310d  0x164  Code  Gb  stm32f0xx_hal_adc.o [1]
HAL_ADC_ConvCpltCallback
                        0x08004b51    0x2  Code  Wk  stm32f0xx_hal_adc.o [1]
HAL_ADC_ConvHalfCpltCallback
                        0x08004b53    0x2  Code  Wk  stm32f0xx_hal_adc.o [1]
HAL_ADC_ErrorCallback   0x08004b55    0x2  Code  Wk  stm32f0xx_hal_adc.o [1]
HAL_ADC_Init            0x08002e91  0x1b8  Code  Gb  stm32f0xx_hal_adc.o [1]
HAL_ADC_MspInit         0x0800453b   0xb2  Code  Gb  stm32f0xx_hal_msp.o [1]
HAL_ADC_Start_DMA       0x08003055   0xa6  Code  Gb  stm32f0xx_hal_adc.o [1]
HAL_DMA_Abort           0x0800499d   0x4a  Code  Gb  stm32f0xx_hal_dma.o [1]
HAL_DMA_Abort_IT        0x080049e7   0x52  Code  Gb  stm32f0xx_hal_dma.o [1]
HAL_DMA_IRQHandler      0x08004a39   0xcc  Code  Gb  stm32f0xx_hal_dma.o [1]
HAL_DMA_Init            0x080048b9   0x5a  Code  Gb  stm32f0xx_hal_dma.o [1]
HAL_DMA_Start_IT        0x08004919   0x84  Code  Gb  stm32f0xx_hal_dma.o [1]
HAL_FLASH_Lock          0x0800253d   0x10  Code  Gb  stm32f0xx_hal_flash.o [1]
HAL_FLASH_Program       0x08002489   0x8e  Code  Gb  stm32f0xx_hal_flash.o [1]
HAL_FLASH_Unlock        0x08002517   0x26  Code  Gb  stm32f0xx_hal_flash.o [1]
HAL_GPIO_Init           0x08001bf1  0x1c2  Code  Gb  stm32f0xx_hal_gpio.o [1]
HAL_GPIO_ReadPin        0x08001dc9   0x16  Code  Gb  stm32f0xx_hal_gpio.o [1]
HAL_GPIO_TogglePin      0x08001df3   0x14  Code  Gb  stm32f0xx_hal_gpio.o [1]
HAL_GPIO_WritePin       0x08001ddf   0x14  Code  Gb  stm32f0xx_hal_gpio.o [1]
HAL_GetTick             0x08004829    0xc  Code  Wk  stm32f0xx_hal.o [1]
HAL_IncTick             0x0800540d   0x18  Code  Wk  stm32f0xx_hal.o [1]
HAL_Init                0x0800264d   0x1c  Code  Gb  stm32f0xx_hal.o [1]
HAL_InitTick            0x08004835   0x50  Code  Wk  stm32f0xx_hal.o [1]
HAL_MspInit             0x080044f1   0x4a  Code  Gb  stm32f0xx_hal_msp.o [1]
HAL_NVIC_EnableIRQ      0x08002e5d    0xa  Code  Gb  stm32f0xx_hal_cortex.o [1]
HAL_NVIC_SetPriority    0x08002e53    0xa  Code  Gb  stm32f0xx_hal_cortex.o [1]
HAL_RCCEx_PeriphCLKConfig
                        0x08003c6d  0x134  Code  Gb  stm32f0xx_hal_rcc_ex.o [1]
HAL_RCC_ClockConfig     0x08002b81  0x138  Code  Gb  stm32f0xx_hal_rcc.o [1]
HAL_RCC_GetHCLKFreq     0x08002d3f    0x6  Code  Gb  stm32f0xx_hal_rcc.o [1]
HAL_RCC_GetPCLK1Freq    0x08002d49   0x18  Code  Gb  stm32f0xx_hal_rcc.o [1]
HAL_RCC_GetSysClockFreq
                        0x08002cc9   0x76  Code  Gb  stm32f0xx_hal_rcc.o [1]
HAL_RCC_OscConfig       0x0800266d  0x4fa  Code  Gb  stm32f0xx_hal_rcc.o [1]
HAL_SYSTICK_Callback    0x0800114d  0x184  Code  Gb  main.o [1]
HAL_SYSTICK_Config      0x08002e67    0x8  Code  Gb  stm32f0xx_hal_cortex.o [1]
HAL_SYSTICK_IRQHandler  0x08002e89    0x8  Code  Gb  stm32f0xx_hal_cortex.o [1]
HAL_TIMEx_BreakCallback
                        0x080047ff    0x2  Code  Wk  stm32f0xx_hal_tim_ex.o [1]
HAL_TIMEx_CommutCallback
                        0x08004803    0x2  Code  Wk  stm32f0xx_hal_tim_ex.o [1]
HAL_TIM_Base_Init       0x08001e19   0x6e  Code  Gb  stm32f0xx_hal_tim.o [1]
HAL_TIM_Base_MspInit    0x080045ed   0x9c  Code  Gb  stm32f0xx_hal_msp.o [1]
HAL_TIM_Base_Start_IT   0x08001e87   0x62  Code  Gb  stm32f0xx_hal_tim.o [1]
HAL_TIM_Base_Stop_IT    0x08001ee9   0x3c  Code  Gb  stm32f0xx_hal_tim.o [1]
HAL_TIM_IC_CaptureCallback
                        0x080047f9    0x2  Code  Wk  stm32f0xx_hal_tim.o [1]
HAL_TIM_IRQHandler      0x08001f39  0x182  Code  Gb  stm32f0xx_hal_tim.o [1]
HAL_TIM_OC_DelayElapsedCallback
                        0x080047fb    0x2  Code  Wk  stm32f0xx_hal_tim.o [1]
HAL_TIM_PWM_PulseFinishedCallback
                        0x080047fd    0x2  Code  Wk  stm32f0xx_hal_tim.o [1]
HAL_TIM_PeriodElapsedCallback
                        0x08000d7d  0x374  Code  Gb  main.o [1]
HAL_TIM_TriggerCallback
                        0x08004801    0x2  Code  Wk  stm32f0xx_hal_tim.o [1]
HAL_UARTEx_RxEventCallback
                        0x08005391    0x2  Code  Wk  stm32f0xx_hal_uart.o [1]
HAL_UART_ErrorCallback  0x0800538f    0x2  Code  Wk  stm32f0xx_hal_uart.o [1]
HAL_UART_IRQHandler     0x08003e41  0x25e  Code  Gb  stm32f0xx_hal_uart.o [1]
HAL_UART_Init           0x08003dc1   0x7a  Code  Gb  stm32f0xx_hal_uart.o [1]
HAL_UART_MspInit        0x08004695  0x12c  Code  Gb  stm32f0xx_hal_msp.o [1]
HAL_UART_TxCpltCallback
                        0x08005393    0x2  Code  Wk  stm32f0xx_hal_uart.o [1]
HardFault_Handler       0x08005399    0x4  Code  Gb  stm32f0xx_it.o [1]
I2C_Mem_Read            0x0800238b   0x4e  Code  Gb  i2c.o [1]
I2C_Mem_Write           0x0800234d   0x3e  Code  Gb  i2c.o [1]
Key                     0x20000704    0x8  Data  Gb  key.o [1]
KeyAction               0x08003b01   0xec  Code  Gb  key.o [1]
KeyCheck                0x08003a1f   0xe2  Code  Gb  key.o [1]
KeyCheckAction          0x08003bed   0x16  Code  Gb  key.o [1]
KeyRead                 0x080039f5   0x2a  Code  Gb  key.o [1]
Led_Cnt                 0x20000792    0x1  Data  Gb  main.o [1]
MX_ADC_Init             0x080018fd   0x98  Code  Lc  main.o [1]
MX_DMA_Init             0x08001a95   0x3e  Code  Lc  main.o [1]
MX_GPIO_Init            0x08001add   0xd4  Code  Lc  main.o [1]
MX_TIM16_Init           0x08001a01   0x3e  Code  Lc  main.o [1]
MX_TIM6_Init            0x08001999   0x30  Code  Lc  main.o [1]
MX_TIM7_Init            0x080019cd   0x30  Code  Lc  main.o [1]
MX_USART1_UART_Init     0x08001a3f   0x50  Code  Lc  main.o [1]
Max                     0x2000078c    0x2  Data  Gb  main.o [1]
Min                     0x20000008    0x2  Data  Gb  main.o [1]
Mode                    0x20000794    0x1  Data  Gb  main.o [1]
NMI_Handler             0x08005395    0x4  Code  Gb  stm32f0xx_it.o [1]
OrangeCnt               0x20000782    0x2  Data  Gb  adc.o [1]
PendSV_Handler          0x0800539f    0x2  Code  Gb  stm32f0xx_it.o [1]
Power                   0x20000791    0x1  Data  Gb  main.o [1]
PrevSensorLedStatus     0x2000000e    0x1  Data  Gb  adc.o [1]
PrevStage               0x20000790    0x1  Data  Gb  adc.o [1]
RCC_IRQHandler          0x080053ad    0x2  Code  Gb  stm32f0xx_it.o [1]
Read_data               0x20000760    0x4  Data  Gb  main.o [1]
Read_data_1             0x20000764    0x4  Data  Gb  main.o [1]
Read_data_2             0x20000768    0x4  Data  Gb  main.o [1]
RedCnt                  0x20000786    0x2  Data  Gb  adc.o [1]
Region$$Table$$Base     0x080054b8          --   Gb  - Linker created -
Region$$Table$$Limit    0x080054dc          --   Gb  - Linker created -
SVC_Handler             0x0800539d    0x2  Code  Gb  stm32f0xx_it.o [1]
SamplingNumber          0x20000010    0x1  Data  Gb  main.o [1]
SaveRead                0x20000770    0x4  Data  Gb  main.o [1]
SaveTime                0x2000076c    0x4  Data  Gb  main.o [1]
SensorLedStatus         0x20000793    0x1  Data  Gb  main.o [1]
SysTick_Config          0x08002e23   0x30  Code  Lc  stm32f0xx_hal_cortex.o [1]
SysTick_Handler         0x080053a1    0xc  Code  Gb  stm32f0xx_it.o [1]
SystemClock_Config      0x08001889   0x74  Code  Gb  main.o [1]
SystemCoreClock         0x20000004    0x4  Data  Gb  system_stm32f0xx.o [1]
SystemInit              0x080055a1    0x2  Code  Gb  system_stm32f0xx.o [1]
TIM16_IRQHandler        0x080053dd    0xa  Code  Gb  stm32f0xx_it.o [1]
TIM6_IRQHandler         0x080053c9    0xa  Code  Gb  stm32f0xx_it.o [1]
TIM7_IRQHandler         0x080053d3    0xa  Code  Gb  stm32f0xx_it.o [1]
TIM_Base_SetConfig      0x080020bb   0x80  Code  Gb  stm32f0xx_hal_tim.o [1]
TestData                0x2000075c    0x4  Data  Gb  main.o [1]
Test_Time               0x2000078a    0x2  Data  Gb  main.o [1]
Time                    0x20000754    0x4  Data  Gb  main.o [1]
TimeWindowLed           0x20000728    0x4  Data  Gb  main.o [1]
Time_90D                0x20000740    0x4  Data  Gb  main.o [1]
Time_Buz                0x20000720    0x4  Data  Gb  main.o [1]
Time_CheckWrite         0x20000748    0x4  Data  Gb  main.o [1]
Time_Er_LED             0x20000744    0x4  Data  Gb  main.o [1]
Time_Fan                0x2000072c    0x4  Data  Gb  main.o [1]
Time_FanLed             0x20000730    0x4  Data  Gb  main.o [1]
Time_FanPWM             0x20000734    0x4  Data  Gb  main.o [1]
Time_I2C                0x20000724    0x4  Data  Gb  main.o [1]
Time_Ionizer            0x2000073c    0x4  Data  Gb  main.o [1]
Time_Key                0x2000071c    0x4  Data  Gb  main.o [1]
Time_Key_Delay          0x20000718    0x4  Data  Gb  main.o [1]
Time_Pulse              0x20000780    0x2  Data  Gb  adc.o [1]
Time_Read               0x20000738    0x4  Data  Gb  main.o [1]
Time_Status             0x20000750    0x4  Data  Gb  main.o [1]
Time_Uart               0x2000074c    0x4  Data  Gb  main.o [1]
UART_AdvFeatureConfig   0x0800422d   0xde  Code  Gb  stm32f0xx_hal_uart.o [1]
UART_CheckIdleState     0x08004315   0x6a  Code  Gb  stm32f0xx_hal_uart.o [1]
UART_DMAAbortOnError    0x080044bd   0x16  Code  Lc  stm32f0xx_hal_uart.o [1]
UART_EndRxTransfer      0x0800446d   0x3a  Code  Lc  stm32f0xx_hal_uart.o [1]
UART_EndTransmit_IT     0x080044d3   0x1c  Code  Lc  stm32f0xx_hal_uart.o [1]
UART_SetConfig          0x080040b5  0x176  Code  Gb  stm32f0xx_hal_uart.o [1]
UART_WaitOnFlagUntilTimeout
                        0x08004399   0xae  Code  Gb  stm32f0xx_hal_uart.o [1]
USART1_IRQHandler       0x080053e7    0xa  Code  Gb  stm32f0xx_it.o [1]
WindowMode              0x20000796    0x1  Data  Gb  main.o [1]
__ICFEDIT_region_RAM_end__ {Abs}
                        0x20003fff         Data  Gb  command line/config [2]
__ICFEDIT_region_RAM_start__ {Abs}
                        0x20000000         Data  Gb  command line/config [2]
__NVIC_EnableIRQ        0x08002d89   0x16  Code  Lc  stm32f0xx_hal_cortex.o [1]
__NVIC_SetPriority      0x08002d9f   0x84  Code  Lc  stm32f0xx_hal_cortex.o [1]
__aeabi_cfcmple         0x080050a5         Code  Gb  FltCmpLe.o [4]
__aeabi_cfrcmple        0x08005335         Code  Gb  FltCmpGe.o [4]
__aeabi_d2f             0x08004dd3         Code  Gb  DblToFlt.o [4]
__aeabi_d2iz            0x080052e5         Code  Gb  DblToI32.o [4]
__aeabi_dadd            0x0800513b         Code  Gb  DblAddSub.o [4]
__aeabi_ddiv            0x08004d11         Code  Gb  DblDiv.o [4]
__aeabi_dmul            0x08004b8d         Code  Gb  DblMul.o [4]
__aeabi_f2d             0x08005109         Code  Gb  FltToDbl.o [4]
__aeabi_f2iz            0x080050cd         Code  Gb  FltToS32.o [4]
__aeabi_fadd            0x08004f8f         Code  Gb  FltAddSub.o [4]
__aeabi_fdiv            0x08004ee5         Code  Gb  FltDiv.o [4]
__aeabi_fmul            0x08004e35         Code  Gb  FltMul.o [4]
__aeabi_i2d             0x08004b59         Code  Gb  I32ToDbl.o [4]
__aeabi_i2f             0x0800535d         Code  Gb  I32ToFlt.o [4]
__aeabi_idiv0           0x08004805         Code  Gb  IntDivZer.o [5]
__aeabi_llsr            0x08004809         Code  Gb  U64Shr.o [5]
__aeabi_memclr4         0x08003c69         Code  Gb  ABImemset.o [5]
__aeabi_memclr8         0x08003c69         Code  Gb  ABImemset.o [5]
__aeabi_memcpy4         0x08004885         Code  Wk  ABImemcpy.o [5]
__aeabi_ui2d            0x08004b6d         Code  Gb  I32ToDbl.o [4]
__aeabi_uidiv           0x080023d9         Code  Gb  I32DivModFast.o [5]
__aeabi_uidivmod        0x080023d9         Code  Gb  I32DivModFast.o [5]
__cmain                 0x080054dd         Code  Gb  cmain.o [5]
__exit                  0x08005511   0x14  Code  Gb  exit.o [6]
__iar_Memset4_word      0x08003c39         Code  Gb  ABImemset.o [5]
__iar_copy_init3        0x08005461   0x30  Code  Gb  copy_init3.o [5]
__iar_d2uiz             0x08005309         Code  Gb  DblToI32.o [4]
__iar_data_init3        0x08005491   0x28  Code  Gb  data_init.o [5]
__iar_program_start     0x0800557d         Code  Gb  cstartup_M.o [5]
__iar_ui2d              0x08004b71         Code  Gb  I32ToDbl.o [4]
__iar_ui2f              0x08005375         Code  Gb  I32ToFlt.o [4]
__iar_zero_init3        0x08005425   0x3c  Code  Gb  zero_init3.o [5]
__low_level_init        0x080054f7    0x4  Code  Gb  low_level_init.o [3]
__vector_table          0x08000000         Data  Gb  startup_stm32f070xb.o [1]
_call_main              0x080054e9         Code  Gb  cmain.o [5]
_exit                   0x08005505         Code  Gb  cexit.o [5]
_main                   0x080054f3         Code  Gb  cmain.o [5]
aADCxConvertedData      0x20000714    0x4  Data  Gb  main.o [1]
consPwm                 0x2000000c    0x2  Data  Gb  main.o [1]
exit                    0x080054fb    0x8  Code  Gb  exit.o [3]
hadc                    0x20000690   0x40  Data  Gb  main.o [1]
hdma_adc                0x200005c4   0x44  Data  Gb  main.o [1]
hdma_usart1_rx          0x20000608   0x44  Data  Gb  main.o [1]
hdma_usart1_tx          0x2000064c   0x44  Data  Gb  main.o [1]
htim16                  0x2000057c   0x48  Data  Gb  main.o [1]
htim6                   0x200004ec   0x48  Data  Gb  main.o [1]
htim7                   0x20000534   0x48  Data  Gb  main.o [1]
huart1                  0x20000418   0x84  Data  Gb  main.o [1]
i2c_start               0x08002159   0x46  Code  Gb  i2c.o [1]
i2c_stop                0x080021a1   0x38  Code  Gb  i2c.o [1]
main                    0x08001795   0xdc  Code  Gb  main.o [1]
pFlash                  0x200006d0   0x20  Data  Gb  stm32f0xx_hal_flash.o [1]
read_i2c_byte           0x08002285   0xba  Code  Gb  i2c.o [1]
tt1                     0x20000778    0x4  Data  Gb  main.o [1]
ttt                     0x20000774    0x4  Data  Gb  main.o [1]
uwTick                  0x2000077c    0x4  Data  Gb  stm32f0xx_hal.o [1]
uwTickFreq              0x20000011    0x1  Data  Gb  stm32f0xx_hal.o [1]
uwTickPrio              0x20000000    0x4  Data  Gb  stm32f0xx_hal.o [1]
write_i2c_byte          0x080021d9   0xaa  Code  Gb  i2c.o [1]
write_mode              0x20000799    0x1  Data  Gb  main.o [1]


[1] = C:\Users\WELLIS\Desktop\Clenuvo_st\ClenuvoRecent\ST_Clenuvo_0827\(20210827)AirPurifier\AirPurifier\EWARM\AirPurifier\Obj
[2] = command line
[3] = dl6M_tln.a
[4] = m6M_tl.a
[5] = rt6M_tl.a
[6] = shb_l.a

  21 808 bytes of readonly  code memory
     114 bytes of readonly  data memory
   1 940 bytes of readwrite data memory

Errors: none
Warnings: none
